// Jest Snapshot v1, https://goo.gl/fbAQLP

exports[`LandingPage component matches snapshot 1`] = `
<div>
  <div
    class="container"
  >
    <div
      class="row"
    >
      <div
        class="col-xl-3 col-lg-4 col-md-6 col-sm-12"
      >
        <div
          class="lazyload-wrapper "
        >
          <div
            class="lazyload-placeholder"
          />
        </div>
      </div>
      <div
        class="col-xl-3 col-lg-4 col-md-6 col-sm-12"
      >
        <div
          class="lazyload-wrapper "
        >
          <div
            class="lazyload-placeholder"
          />
        </div>
      </div>
    </div>
  </div>
</div>
`;
